// Jest Snapshot v1, https://goo.gl/fbAQLP

exports[`Profile component renders a component 1`] = `
<Fragment>
  <h1>
    Create Your Profile
  </h1>
  <form
    onSubmit={[Function]}
  >
    <label
      htmlFor="name"
    >
      Full Name:
    </label>
    <input
      name="name"
      onChange={[Function]}
      type="text"
      value=""
    />
    <label
      htmlFor="photo"
    >
      Upload A Photo:
    </label>
    <input
      name="photo"
      onChange={[Function]}
      type="file"
      value=""
    />
    <label
      htmlFor="age"
    >
      Age:
    </label>
    <input
      name="age"
      onChange={[Function]}
      type="number"
      value=""
    />
    <label
      htmlFor="streetAddress1"
    >
      Street Address:
    </label>
    <input
      name="streetAddress1"
      onChange={[Function]}
      type="text"
      value=""
    />
    <input
      name="streetAddress2"
      onChange={[Function]}
      type="text"
      value=""
    />
    <label
      htmlFor="city"
    >
      City
    </label>
    <input
      name="city"
      onChange={[Function]}
      type="text"
      value=""
    />
    <label
      htmlFor="zip"
    >
      Zip
    </label>
    <input
      name="zip"
      onChange={[Function]}
      type="text"
      value=""
    />
    <label
      htmlFor="phoneNumber"
    >
      Phone Number
    </label>
    <input
      name="phoneNumber"
      onChange={[Function]}
      type="text"
      value=""
    />
    <label
      htmlFor="pricePerHour"
    >
      Your Hourly Rate:
    </label>
    <input
      name="pricePerHour"
      onChange={[Function]}
      type="number"
      value=""
    />
    <label
      htmlFor="description"
    >
      Tell Us About Yourself:
    </label>
    <input
      name="description"
      onChange={[Function]}
      type="text"
      value=""
    />
    <button>
      Submit Profile
    </button>
  </form>
  <div
    id="profileView"
  >
    <img
      src=""
    />
    <h1>
      Name: 
    </h1>
    <h3>
      Age: 
    </h3>
    <h3>
      Street Address:
    </h3>
    <h3>
      Address (continued): 
    </h3>
    <h3>
      City: 
    </h3>
    <h3>
      Zip Code: 
    </h3>
    <h3>
      Phone Number: 
    </h3>
    <h3>
      Hourly Rate: 
    </h3>
    <h3>
      Description: 
    </h3>
  </div>
</Fragment>
`;
