// Jest Snapshot v1, https://goo.gl/fbAQLP

exports[`AvailabilityDisplay matches snapshot 1`] = `
<div>
  <div>
    Available From:
  </div>
  <div>
    Available Until:
  </div>
  <div
    id="availabilityList"
    key="0"
  >
    <div>
      <b>
        Start Time/Date:
      </b>
       
      <Component />
    </div>
    <div>
      <b>
        End Time Date:
      </b>
       
      <Component />
    </div>
    <button
      onClick={[Function]}
    >
      Remove
    </button>
  </div>
  <div
    id="availabilityList"
    key="1"
  >
    <div>
      <b>
        Start Time/Date:
      </b>
       
      <Component />
    </div>
    <div>
      <b>
        End Time Date:
      </b>
       
      <Component />
    </div>
    <button
      onClick={[Function]}
    >
      Remove
    </button>
  </div>
</div>
`;
