// Jest Snapshot v1, https://goo.gl/fbAQLP

exports[`NannyScheduler component renders a component 1`] = `
<Fragment>
  <form
    className="schedulerForm"
    id="form"
    onSubmit={[Function]}
  >
    <Range
      end={null}
      id="range"
      onEndChange={[Function]}
      onStartChange={[Function]}
      start={null}
    />
    <button
      className="addAvailButton"
      id="button"
    >
      Submit Availability
    </button>
    <Connect(AvailabilityDisplay) />
  </form>
</Fragment>
`;
