// Jest Snapshot v1, https://goo.gl/fbAQLP

exports[`Header component renders a Header component 1`] = `
<header>
  <img
    src=""
  />
  <div>
    <label
      id="hamburgerLabel"
    >
      This is the hamburger input.
    </label>
    <input
      id="hamburgerInput"
      type="checkbox"
    />
    <span
      id="hamburgerSpan"
    />
    <nav
      id="nav"
    >
      <Link
        className="link"
        replace={false}
        to="/about"
      >
        About Us
      </Link>
      <Link
        className="link"
        replace={false}
        to="/dashboard/1234"
      >
        Dashboard
      </Link>
      <Link
        className="link"
        replace={false}
        to="/profile/1234"
      >
        Edit Profile
      </Link>
      <Link
        className="link"
        replace={false}
        to="/signup"
      >
        Log Out
      </Link>
    </nav>
  </div>
</header>
`;
