// Jest Snapshot v1, https://goo.gl/fbAQLP

exports[`Header component renders a Header component 1`] = `
<header>
  <h1>
    N:N
  </h1>
  <nav>
    <Link
      className="link"
      replace={false}
      to="/"
    >
      Dashboard
    </Link>
    <Link
      className="link"
      replace={false}
      to="/"
    >
      Edit Profile
    </Link>
    <Link
      className="link"
      replace={false}
      to="/"
    >
      Log In
    </Link>
    <Link
      className="link"
      replace={false}
      to="/"
    >
      Log Out
    </Link>
  </nav>
</header>
`;
